
> ali-project@0.1.0 build
> node scripts/build.js

Environment variables loaded from .env
Prisma schema loaded from prisma\schema.prisma
Error: 
EPERM: operation not permitted, rename 'F:\react\meeem\multi-vendor-seller\node_modules\.pnpm\@prisma+client@5.22.0_prisma@5.22.0\node_modules\.prisma\client\query_engine-windows.dll.node.tmp5020' -> 'F:\react\meeem\multi-vendor-seller\node_modules\.pnpm\@prisma+client@5.22.0_prisma@5.22.0\node_modules\.prisma\client\query_engine-windows.dll.node'


prisma generate failed (e.g. file locked on Windows). Continuing with next build using existing client.
⚠ `images.domains` is deprecated in favor of `images.remotePatterns`. Please update next.config.js to protect your application from malicious users.
▲ Next.js 16.1.1 (Turbopack)
- Environments: .env

⚠ The "middleware" file convention is deprecated. Please use "proxy" instead. Learn more: https://nextjs.org/docs/messages/middleware-to-proxy
  Creating an optimized production build ...
✓ Compiled successfully in 114s
  Running TypeScript ...
  Collecting page data using 3 workers ...
  Generating static pages using 3 workers (0/237) ...
  Generating static pages using 3 workers (59/237) 
  Generating static pages using 3 workers (118/237) 
  Generating static pages using 3 workers (177/237) 
✓ Generating static pages using 3 workers (237/237) in 8.1s
  Finalizing page optimization ...

Route (app)                                                             Revalidate  Expire
┌ ○ /
├ ○ /_not-found
├ ƒ /ad/[adId]
├ ƒ /admin
├ ƒ /admin/admanagement
├ ƒ /admin/banners
├ ƒ /admin/banners/[id]/edit
├ ƒ /admin/banners/new
├ ƒ /admin/categories
├ ƒ /admin/categories/[id]/edit
├ ƒ /admin/categories/new
├ ○ /admin/forgot-password
├ ○ /admin/login
├ ƒ /admin/orders
├ ƒ /admin/orders/[id]
├ ○ /admin/registration
├ ○ /admin/reset-password
├ ƒ /admin/reviews
├ ƒ /admin/reviews/[type]/[id]
├ ƒ /admin/seller-ads
├ ƒ /admin/seller-ads/[adId]
├ ƒ /admin/sellers
├ ƒ /admin/sellers/[id]
├ ƒ /admin/service-categories
├ ƒ /admin/service-categories/[id]/edit
├ ƒ /admin/service-categories/new
├ ƒ /admin/settings
├ ƒ /admin/subscriptions
├ ƒ /admin/subscriptions/edit/[id]
├ ○ /admin/verify-otp
├ ƒ /api/admin/admanage
├ ƒ /api/admin/admanage/create
├ ƒ /api/admin/admanage/delete/[id]
├ ƒ /api/admin/admanage/edit/[id]
├ ƒ /api/admin/auth/forgot-password/reset
├ ƒ /api/admin/auth/forgot-password/send-otp
├ ƒ /api/admin/auth/login
├ ƒ /api/admin/auth/registration
├ ƒ /api/admin/auth/send-otp
├ ƒ /api/admin/auth/verify-otp
├ ƒ /api/admin/banners
├ ƒ /api/admin/banners/[id]
├ ƒ /api/admin/categories
├ ƒ /api/admin/categories/[id]
├ ƒ /api/admin/categories/list
├ ƒ /api/admin/commission-reset
├ ƒ /api/admin/migrate-product-variants
├ ƒ /api/admin/orders
├ ƒ /api/admin/orders/[id]
├ ƒ /api/admin/orders/[id]/items/[orderItemId]/return-request
├ ƒ /api/admin/overview
├ ƒ /api/admin/plans/[id]
├ ƒ /api/admin/reviews
├ ƒ /api/admin/reviews/[type]/[id]
├ ƒ /api/admin/seller-ads
├ ƒ /api/admin/seller-ads/[id]
├ ƒ /api/admin/seller-ads/[id]/approve
├ ƒ /api/admin/seller-ads/[id]/reject
├ ƒ /api/admin/sellers
├ ƒ /api/admin/sellers/[id]
├ ƒ /api/admin/sellers/[id]/approve
├ ƒ /api/admin/sellers/[id]/commission
├ ƒ /api/admin/sellers/[id]/status
├ ƒ /api/admin/sellers/[id]/suspend
├ ƒ /api/admin/sellers/[id]/unsuspend
├ ƒ /api/admin/service-categories
├ ƒ /api/admin/service-categories/[id]
├ ƒ /api/admin/service-categories/list
├ ƒ /api/admin/settings
├ ƒ /api/admin/subcategories
├ ƒ /api/admin/subcategories/[id]
├ ƒ /api/admin/subscriptions
├ ƒ /api/admin/upload
├ ƒ /api/ads/click
├ ƒ /api/ads/product/[id]
├ ƒ /api/ads/upload
├ ƒ /api/auth/oauth-postprocess
├ ƒ /api/categories
├ ƒ /api/categories/list
├ ƒ /api/categories/list-with-subcategories
├ ƒ /api/customer/admanagement
├ ƒ /api/customer/admanagement/[id]
├ ƒ /api/customer/auth/email-otp/send-otp
├ ƒ /api/customer/auth/email-otp/verify-otp
├ ƒ /api/customer/auth/forgot-password/reset
├ ƒ /api/customer/auth/forgot-password/send-otp
├ ƒ /api/customer/auth/login
├ ƒ /api/customer/auth/phone-otp/send-otp
├ ƒ /api/customer/auth/phone-otp/verify-otp
├ ƒ /api/customer/auth/registration
├ ƒ /api/customer/auth/send-otp
├ ƒ /api/customer/auth/verify-otp
├ ƒ /api/customer/browse
├ ƒ /api/customer/cart
├ ƒ /api/customer/cart/merge
├ ƒ /api/customer/category-interests
├ ƒ /api/customer/checkout/addresses
├ ƒ /api/customer/checkout/addresses/[id]
├ ƒ /api/customer/checkout/place-order
├ ƒ /api/customer/checkout/place-service-order
├ ƒ /api/customer/orders
├ ƒ /api/customer/orders/[id]
├ ƒ /api/customer/orders/[id]/cancel
├ ƒ /api/customer/orders/[id]/items/[orderItemId]/exchange-options
├ ƒ /api/customer/orders/[id]/items/[orderItemId]/return-request
├ ƒ /api/customer/orders/[id]/items/[orderItemId]/review
├ ƒ /api/customer/recent-views
├ ƒ /api/customer/review-upload
├ ƒ /api/customer/services/[id]/slots
├ ƒ /api/customer/services/[id]/slots/reserve
├ ƒ /api/customer/settings
├ ƒ /api/customer/wallet
├ ƒ /api/customer/wallet/transactions/[id]
├ ƒ /api/customer/wishlist
├ ƒ /api/home/ads
├ ƒ /api/home/ads/[id]
├ ƒ /api/home/banners
├ ƒ /api/home/banners/[id]
├ ƒ /api/home/categories
├ ƒ /api/home/categories/featured
├ ƒ /api/home/products
├ ƒ /api/home/services
├ ƒ /api/nextauth/[...nextauth]
├ ƒ /api/plans
├ ƒ /api/product-seller/admanagement
├ ƒ /api/product-seller/admanagement/[id]
├ ƒ /api/product-seller/auth/email-otp/send-otp
├ ƒ /api/product-seller/auth/email-otp/verify-otp
├ ƒ /api/product-seller/auth/forgot-password/reset
├ ƒ /api/product-seller/auth/forgot-password/send-otp
├ ƒ /api/product-seller/auth/login
├ ƒ /api/product-seller/auth/phone-otp/send-otp
├ ƒ /api/product-seller/auth/phone-otp/verify-otp
├ ƒ /api/product-seller/auth/registration
├ ƒ /api/product-seller/auth/send-otp
├ ƒ /api/product-seller/auth/verify-otp
├ ƒ /api/product-seller/balance-transactions
├ ƒ /api/product-seller/categories
├ ƒ /api/product-seller/me
├ ƒ /api/product-seller/onboarding
├ ƒ /api/product-seller/orders
├ ƒ /api/product-seller/orders/[id]
├ ƒ /api/product-seller/orders/[id]/items/[orderItemId]/return-request
├ ƒ /api/product-seller/overview
├ ƒ /api/product-seller/products
├ ƒ /api/product-seller/products/[id]
├ ƒ /api/product-seller/products/bulk-import
├ ƒ /api/product-seller/products/bulk-template
├ ƒ /api/product-seller/reviews
├ ƒ /api/product-seller/reviews/[id]
├ ƒ /api/product-seller/settings
├ ƒ /api/product-seller/subscription
├ ƒ /api/product-seller/subscription/checkout
├ ƒ /api/product-seller/upload
├ ƒ /api/products/[id]
├ ƒ /api/resend-verification
├ ƒ /api/service-categories
├ ƒ /api/service-categories/list
├ ƒ /api/service-seller/admanagement
├ ƒ /api/service-seller/admanagement/[id]
├ ƒ /api/service-seller/auth/email-otp/send-otp
├ ƒ /api/service-seller/auth/email-otp/verify-otp
├ ƒ /api/service-seller/auth/forgot-password/reset
├ ƒ /api/service-seller/auth/forgot-password/send-otp
├ ƒ /api/service-seller/auth/login
├ ƒ /api/service-seller/auth/phone-otp/send-otp
├ ƒ /api/service-seller/auth/phone-otp/verify-otp
├ ƒ /api/service-seller/auth/registration
├ ƒ /api/service-seller/auth/send-otp
├ ƒ /api/service-seller/auth/verify-otp
├ ƒ /api/service-seller/categories
├ ƒ /api/service-seller/me
├ ƒ /api/service-seller/onboarding
├ ƒ /api/service-seller/orders
├ ƒ /api/service-seller/orders/[id]
├ ƒ /api/service-seller/overview
├ ƒ /api/service-seller/reviews
├ ƒ /api/service-seller/reviews/[id]
├ ƒ /api/service-seller/services
├ ƒ /api/service-seller/services/[id]
├ ƒ /api/service-seller/settings
├ ƒ /api/service-seller/subscription
├ ƒ /api/service-seller/subscription/checkout
├ ƒ /api/service-seller/upload
├ ƒ /api/verify-email
├ ƒ /api/webhooks/stripe
├ ƒ /banner/[bannerId]
├ ○ /browse
├ ○ /cart
├ ƒ /checkout
├ ƒ /customer
├ ƒ /customer/admanagement
├ ƒ /customer/admanagement/[adId]
├ ƒ /customer/admanagement/new
├ ƒ /customer/browse
├ ○ /customer/forgot-password
├ ○ /customer/login
├ ○ /customer/login/email-otp
├ ○ /customer/login/email-otp/verify
├ ○ /customer/login/phone-otp
├ ○ /customer/login/phone-otp/verify
├ ƒ /customer/orders
├ ƒ /customer/orders/[id]
├ ○ /customer/registration
├ ○ /customer/reset-password
├ ƒ /customer/settings
├ ○ /customer/verify-otp
├ ƒ /customer/wallet
├ ƒ /customer/wallet/[id]
├ ƒ /mobileapi/ad/[id]
├ ƒ /mobileapi/ad/click
├ ƒ /mobileapi/ad/list
├ ƒ /mobileapi/categories
├ ƒ /mobileapi/categories/[id]
├ ƒ /mobileapi/customer/auth/email-otp/send-otp
├ ƒ /mobileapi/customer/auth/email-otp/verify-otp
├ ƒ /mobileapi/customer/auth/forgot-password/reset
├ ƒ /mobileapi/customer/auth/forgot-password/send-otp
├ ƒ /mobileapi/customer/auth/login
├ ƒ /mobileapi/customer/auth/phone-otp/send-otp
├ ƒ /mobileapi/customer/auth/phone-otp/verify-otp
├ ƒ /mobileapi/customer/auth/register
├ ƒ /mobileapi/customer/auth/resend-otp
├ ƒ /mobileapi/customer/auth/social
├ ƒ /mobileapi/customer/auth/verify-otp
├ ƒ /mobileapi/customer/cart
├ ƒ /mobileapi/customer/cart/merge
├ ƒ /mobileapi/customer/category-interests
├ ƒ /mobileapi/customer/checkout/addresses
├ ƒ /mobileapi/customer/checkout/addresses/[id]
├ ƒ /mobileapi/customer/checkout/place-order
├ ƒ /mobileapi/customer/checkout/place-service-order
├ ƒ /mobileapi/customer/interest-products
├ ƒ /mobileapi/customer/orders/products/details/[id]
├ ƒ /mobileapi/customer/orders/products/list
├ ƒ /mobileapi/customer/orders/services/details/[id]
├ ƒ /mobileapi/customer/orders/services/list
├ ƒ /mobileapi/customer/recent-view/insert
├ ƒ /mobileapi/customer/recent-view/list
├ ƒ /mobileapi/customer/reviewrating
├ ƒ /mobileapi/customer/settings
├ ƒ /mobileapi/customer/wishlist
├ ○ /mobileapi/home                                                             1m      1y
├ ƒ /mobileapi/home/best-sellers
├ ƒ /mobileapi/product-seller/auth/email-otp/send-otp
├ ƒ /mobileapi/product-seller/auth/email-otp/verify-otp
├ ƒ /mobileapi/product-seller/auth/forgot-password/reset
├ ƒ /mobileapi/product-seller/auth/forgot-password/send-otp
├ ƒ /mobileapi/product-seller/auth/login
├ ƒ /mobileapi/product-seller/auth/phone-otp/send-otp
├ ƒ /mobileapi/product-seller/auth/phone-otp/verify-otp
├ ƒ /mobileapi/product-seller/auth/register
├ ƒ /mobileapi/product-seller/auth/resend-otp
├ ƒ /mobileapi/product-seller/auth/social
├ ƒ /mobileapi/product-seller/auth/verify-otp
├ ƒ /mobileapi/product-seller/categories
├ ƒ /mobileapi/product-seller/onboarding
├ ƒ /mobileapi/product/[id]
├ ƒ /mobileapi/service-seller/auth/email-otp/send-otp
├ ƒ /mobileapi/service-seller/auth/email-otp/verify-otp
├ ƒ /mobileapi/service-seller/auth/forgot-password/reset
├ ƒ /mobileapi/service-seller/auth/forgot-password/send-otp
├ ƒ /mobileapi/service-seller/auth/login
├ ƒ /mobileapi/service-seller/auth/phone-otp/send-otp
├ ƒ /mobileapi/service-seller/auth/phone-otp/verify-otp
├ ƒ /mobileapi/service-seller/auth/register
├ ƒ /mobileapi/service-seller/auth/resend-otp
├ ƒ /mobileapi/service-seller/auth/social
├ ƒ /mobileapi/service-seller/auth/verify-otp
├ ƒ /mobileapi/service-seller/categories
├ ƒ /mobileapi/service-seller/onboarding
├ ƒ /mobileapi/services/[id]
├ ƒ /mobileapi/services/[id]/slots
├ ƒ /mobileapi/services/[id]/slots/reserve
├ ƒ /mobileapi/services/all
├ ƒ /mobileapi/services/categories
├ ƒ /mobileapi/services/categories/[id]
├ ƒ /mobileapi/singlecategory/[id]
├ ƒ /my-orders
├ ƒ /product-seller
├ ƒ /product-seller/admanagement
├ ƒ /product-seller/admanagement/[adId]
├ ƒ /product-seller/admanagement/new
├ ƒ /product-seller/balance
├ ○ /product-seller/forgot-password
├ ○ /product-seller/login
├ ○ /product-seller/login/email-otp
├ ○ /product-seller/login/email-otp/verify
├ ○ /product-seller/login/phone-otp
├ ○ /product-seller/login/phone-otp/verify
├ ƒ /product-seller/onboarding
├ ƒ /product-seller/orders
├ ƒ /product-seller/orders/[id]
├ ƒ /product-seller/products
├ ƒ /product-seller/products/[id]
├ ƒ /product-seller/products/new
├ ○ /product-seller/registration
├ ○ /product-seller/reset-password
├ ƒ /product-seller/reviews
├ ƒ /product-seller/reviews/[id]
├ ƒ /product-seller/settings
├ ƒ /product-seller/subscription
├ ○ /product-seller/verify-otp
├ ƒ /product/[id]
├ ƒ /service-book
├ ƒ /service-seller
├ ƒ /service-seller/admanagement
├ ƒ /service-seller/admanagement/[adId]
├ ƒ /service-seller/admanagement/new
├ ○ /service-seller/forgot-password
├ ○ /service-seller/login
├ ○ /service-seller/login/email-otp
├ ○ /service-seller/login/email-otp/verify
├ ○ /service-seller/login/phone-otp
├ ○ /service-seller/login/phone-otp/verify
├ ƒ /service-seller/net-worth
├ ƒ /service-seller/onboarding
├ ƒ /service-seller/orders
├ ƒ /service-seller/orders/[id]
├ ○ /service-seller/registration
├ ○ /service-seller/reset-password
├ ƒ /service-seller/reviews
├ ƒ /service-seller/reviews/[id]
├ ƒ /service-seller/services
├ ƒ /service-seller/services/[id]
├ ƒ /service-seller/services/new
├ ƒ /service-seller/settings
├ ƒ /service-seller/subscription
├ ○ /service-seller/verify-otp
└ ƒ /service/[id]


ƒ Proxy (Middleware)

○  (Static)   prerendered as static content
ƒ  (Dynamic)  server-rendered on demand

