node_modules/.pnpm/next@16.1.1_@babel+core@7.2_11c587b177eb7734f098c06662fd45e9/node_modules/next/dist/build/templates/app-page.d.ts(3,25): error TS2307: Cannot find module 'VAR_MODULE_GLOBAL_ERROR' or its corresponding type declarations.
node_modules/.pnpm/next@16.1.1_@babel+core@7.2_11c587b177eb7734f098c06662fd45e9/node_modules/next/dist/build/webpack-config.d.ts(10,104): error TS2694: Namespace '"F:/react/meeem/multi-vendor-seller/node_modules/.pnpm/next@16.1.1_@babel+core@7.2_11c587b177eb7734f098c06662fd45e9/node_modules/next/dist/compiled/webpack/webpack".webpack' has no exported member 'RuleSetUseItem'.
node_modules/.pnpm/next@16.1.1_@babel+core@7.2_11c587b177eb7734f098c06662fd45e9/node_modules/next/dist/build/webpack/loaders/next-app-loader/index.d.ts(1,13): error TS2613: Module '"F:/react/meeem/multi-vendor-seller/node_modules/.pnpm/next@16.1.1_@babel+core@7.2_11c587b177eb7734f098c06662fd45e9/node_modules/next/dist/compiled/webpack/webpack"' has no default export. Did you mean to use 'import { webpack } from "F:/react/meeem/multi-vendor-seller/node_modules/.pnpm/next@16.1.1_@babel+core@7.2_11c587b177eb7734f098c06662fd45e9/node_modules/next/dist/compiled/webpack/webpack"' instead?
node_modules/.pnpm/next@16.1.1_@babel+core@7.2_11c587b177eb7734f098c06662fd45e9/node_modules/next/dist/client/components/error-boundary.d.ts(1,8): error TS1259: Module '"F:/react/meeem/multi-vendor-seller/node_modules/.pnpm/@types+react@18.3.27/node_modules/@types/react/index"' can only be default-imported using the 'esModuleInterop' flag
node_modules/.pnpm/next@16.1.1_@babel+core@7.2_11c587b177eb7734f098c06662fd45e9/node_modules/next/dist/client/components/http-access-fallback/error-boundary.d.ts(11,8): error TS1259: Module '"F:/react/meeem/multi-vendor-seller/node_modules/.pnpm/@types+react@18.3.27/node_modules/@types/react/index"' can only be default-imported using the 'esModuleInterop' flag
node_modules/.pnpm/next@16.1.1_@babel+core@7.2_11c587b177eb7734f098c06662fd45e9/node_modules/next/dist/client/components/layout-router.d.ts(2,8): error TS1259: Module '"F:/react/meeem/multi-vendor-seller/node_modules/.pnpm/@types+react@18.3.27/node_modules/@types/react/index"' can only be default-imported using the 'esModuleInterop' flag
node_modules/.pnpm/next@16.1.1_@babel+core@7.2_11c587b177eb7734f098c06662fd45e9/node_modules/next/dist/client/with-router.d.ts(1,8): error TS1259: Module '"F:/react/meeem/multi-vendor-seller/node_modules/.pnpm/@types+react@18.3.27/node_modules/@types/react/index"' can only be default-imported using the 'esModuleInterop' flag
node_modules/.pnpm/next@16.1.1_@babel+core@7.2_11c587b177eb7734f098c06662fd45e9/node_modules/next/dist/lib/metadata/metadata.d.ts(1,8): error TS1259: Module '"F:/react/meeem/multi-vendor-seller/node_modules/.pnpm/@types+react@18.3.27/node_modules/@types/react/index"' can only be default-imported using the 'esModuleInterop' flag
node_modules/.pnpm/next@16.1.1_@babel+core@7.2_11c587b177eb7734f098c06662fd45e9/node_modules/next/dist/next-devtools/dev-overlay/shared.d.ts(186,247): error TS2694: Namespace 'React' has no exported member 'ActionDispatch'.
node_modules/.pnpm/next@16.1.1_@babel+core@7.2_11c587b177eb7734f098c06662fd45e9/node_modules/next/dist/next-devtools/userspace/pages/pages-dev-overlay-setup.d.ts(1,8): error TS1259: Module '"F:/react/meeem/multi-vendor-seller/node_modules/.pnpm/@types+react@18.3.27/node_modules/@types/react/index"' can only be default-imported using the 'esModuleInterop' flag
node_modules/.pnpm/next@16.1.1_@babel+core@7.2_11c587b177eb7734f098c06662fd45e9/node_modules/next/dist/server/app-render/entry-base.d.ts(1,114): error TS2307: Cannot find module 'react-server-dom-webpack/server' or its corresponding type declarations.
node_modules/.pnpm/next@16.1.1_@babel+core@7.2_11c587b177eb7734f098c06662fd45e9/node_modules/next/dist/server/app-render/entry-base.d.ts(2,27): error TS2307: Cannot find module 'react-server-dom-webpack/static' or its corresponding type declarations.
node_modules/.pnpm/next@16.1.1_@babel+core@7.2_11c587b177eb7734f098c06662fd45e9/node_modules/next/dist/server/route-modules/app-page/vendored/rsc/entrypoints.d.ts(5,39): error TS2307: Cannot find module 'react/compiler-runtime' or its corresponding type declarations.
node_modules/.pnpm/next@16.1.1_@babel+core@7.2_11c587b177eb7734f098c06662fd45e9/node_modules/next/dist/server/route-modules/app-page/vendored/ssr/entrypoints.d.ts(5,39): error TS2307: Cannot find module 'react/compiler-runtime' or its corresponding type declarations.
node_modules/.pnpm/next@16.1.1_@babel+core@7.2_11c587b177eb7734f098c06662fd45e9/node_modules/next/dist/server/web/spec-extension/adapters/headers.d.ts(39,16): error TS2304: Cannot find name 'HeadersIterator'.
node_modules/.pnpm/next@16.1.1_@babel+core@7.2_11c587b177eb7734f098c06662fd45e9/node_modules/next/dist/server/web/spec-extension/adapters/headers.d.ts(40,13): error TS2304: Cannot find name 'HeadersIterator'.
node_modules/.pnpm/next@16.1.1_@babel+core@7.2_11c587b177eb7734f098c06662fd45e9/node_modules/next/dist/server/web/spec-extension/adapters/headers.d.ts(41,15): error TS2304: Cannot find name 'HeadersIterator'.
node_modules/.pnpm/next@16.1.1_@babel+core@7.2_11c587b177eb7734f098c06662fd45e9/node_modules/next/dist/server/web/spec-extension/adapters/headers.d.ts(42,26): error TS2304: Cannot find name 'HeadersIterator'.
node_modules/.pnpm/next@16.1.1_@babel+core@7.2_11c587b177eb7734f098c06662fd45e9/node_modules/next/dist/shared/lib/app-router-context.shared-runtime.d.ts(4,8): error TS1259: Module '"F:/react/meeem/multi-vendor-seller/node_modules/.pnpm/@types+react@18.3.27/node_modules/@types/react/index"' can only be default-imported using the 'esModuleInterop' flag
node_modules/.pnpm/next@16.1.1_@babel+core@7.2_11c587b177eb7734f098c06662fd45e9/node_modules/next/dist/shared/lib/app-router-types.d.ts(7,13): error TS1259: Module '"F:/react/meeem/multi-vendor-seller/node_modules/.pnpm/@types+react@18.3.27/node_modules/@types/react/index"' can only be default-imported using the 'esModuleInterop' flag
node_modules/.pnpm/next@16.1.1_@babel+core@7.2_11c587b177eb7734f098c06662fd45e9/node_modules/next/dist/shared/lib/head-manager-context.shared-runtime.d.ts(1,8): error TS1259: Module '"F:/react/meeem/multi-vendor-seller/node_modules/.pnpm/@types+react@18.3.27/node_modules/@types/react/index"' can only be default-imported using the 'esModuleInterop' flag
node_modules/.pnpm/next@16.1.1_@babel+core@7.2_11c587b177eb7734f098c06662fd45e9/node_modules/next/dist/shared/lib/image-config-context.shared-runtime.d.ts(1,8): error TS1259: Module '"F:/react/meeem/multi-vendor-seller/node_modules/.pnpm/@types+react@18.3.27/node_modules/@types/react/index"' can only be default-imported using the 'esModuleInterop' flag
node_modules/.pnpm/next@16.1.1_@babel+core@7.2_11c587b177eb7734f098c06662fd45e9/node_modules/next/dist/shared/lib/loadable-context.shared-runtime.d.ts(1,8): error TS1259: Module '"F:/react/meeem/multi-vendor-seller/node_modules/.pnpm/@types+react@18.3.27/node_modules/@types/react/index"' can only be default-imported using the 'esModuleInterop' flag
node_modules/.pnpm/next@16.1.1_@babel+core@7.2_11c587b177eb7734f098c06662fd45e9/node_modules/next/dist/shared/lib/loadable.shared-runtime.d.ts(21,8): error TS1259: Module '"F:/react/meeem/multi-vendor-seller/node_modules/.pnpm/@types+react@18.3.27/node_modules/@types/react/index"' can only be default-imported using the 'esModuleInterop' flag
node_modules/.pnpm/next@16.1.1_@babel+core@7.2_11c587b177eb7734f098c06662fd45e9/node_modules/next/dist/shared/lib/router-context.shared-runtime.d.ts(1,8): error TS1259: Module '"F:/react/meeem/multi-vendor-seller/node_modules/.pnpm/@types+react@18.3.27/node_modules/@types/react/index"' can only be default-imported using the 'esModuleInterop' flag
node_modules/.pnpm/next@16.1.1_@babel+core@7.2_11c587b177eb7734f098c06662fd45e9/node_modules/next/dist/shared/lib/server-inserted-html.shared-runtime.d.ts(1,8): error TS1259: Module '"F:/react/meeem/multi-vendor-seller/node_modules/.pnpm/@types+react@18.3.27/node_modules/@types/react/index"' can only be default-imported using the 'esModuleInterop' flag
node_modules/.pnpm/next@16.1.1_@babel+core@7.2_11c587b177eb7734f098c06662fd45e9/node_modules/next/dist/shared/lib/utils.d.ts(10,13): error TS1192: Module '"fs"' has no default export.
src/app/mobileapi/service-seller/onboarding/route.ts(2,24): error TS2307: Cannot find module '@/lib/prisma' or its corresponding type declarations.
src/app/mobileapi/service-seller/onboarding/route.ts(3,34): error TS2307: Cannot find module '@/lib/mobile-auth-server' or its corresponding type declarations.
src/app/mobileapi/service-seller/onboarding/route.ts(4,34): error TS2307: Cannot find module '@/lib/upload-public-file' or its corresponding type declarations.
src/app/mobileapi/service-seller/onboarding/route.ts(6,8): error TS1259: Module '"path"' can only be default-imported using the 'esModuleInterop' flag
src/app/mobileapi/service-seller/onboarding/route.ts(7,30): error TS2307: Cannot find module '@/lib/utils' or its corresponding type declarations.
src/app/mobileapi/service-seller/onboarding/route.ts(202,19): error TS2451: Cannot redeclare block-scoped variable 'categoryIds'.
src/app/mobileapi/service-seller/onboarding/route.ts(255,17): error TS2451: Cannot redeclare block-scoped variable 'categoryIds'.
